Standard Debug Check from Test Script:
Users found: 7
CRManager included.
MailHelper included.
CR Created: CR-23BE2
php : PHP Fatal 
error:  Uncaught 
PDOException: 
SQLSTATE[HY000]: 
General error: 1 no 
such column: 
test_result in C:\User
s\ayuas\Downloads\chan
ge-management-php\incl
udes\db_helper.php:38
At line:1 char:1
+ php c:\Users\ayuas\D
ownloads\change-manage
ment-php\test_email_go
verna ...
+ ~~~~~~~~~~~~~~~~~~~~
~~~~~~~~~~~~~~~~~~~~~~
~~~~~~~~~~~~~~~~~~~~~~
~~~~~
    + CategoryInfo    
          : NotSpeci  
  fied: (PHP Fatal    
 error...b_helper.    
php:38:String) []    
, RemoteException
    + FullyQualifiedE 
   rrorId : NativeCo  
  mmandError
 
Stack trace:
#0 C:\Users\ayuas\Down
loads\change-managemen
t-php\includes\db_help
er.php(38): 
PDO->prepare('UPDATE 
features...')
#1 C:\Users\ayuas\Down
loads\change-managemen
t-php\includes\cr_mana
ger.php(66): 
DB->query('UPDATE 
features...', Array)
#2 C:\Users\ayuas\Down
loads\change-managemen
t-php\test_email_gover
nance.php(27): CRManag
er::updateTestResult('
CR-23BE2', 
'feat-698f3ea327...', 
'PASSED', 'Looks 
good')
#3 {main}
  thrown in C:\Users\a
yuas\Downloads\change-
management-php\include
s\db_helper.php on 
line 38

Fatal error: Uncaught PDOException: SQLSTATE[HY000]: General error: 1 no such column: test_result in C:\Users\ayuas\Downloads\change-management-php\includes\db_helper.php:38
Stack trace:
#0 C:\Users\ayuas\Downloads\change-management-php\includes\db_helper.php(38): PDO->prepare('UPDATE features...')
#1 C:\Users\ayuas\Downloads\change-management-php\includes\cr_manager.php(66): DB->query('UPDATE features...', Array)
#2 C:\Users\ayuas\Downloads\change-management-php\test_email_governance.php(27): CRManager::updateTestResult('CR-23BE2', 'feat-698f3ea327...', 'PASSED', 'Looks good')
#3 {main}
  thrown in C:\Users\ayuas\Downloads\change-management-php\includes\db_helper.php on line 38
